// Vitest Snapshot v1, https://vitest.dev/guide/snapshot.html

exports[`总览页 > 把『可路由』那个数当在线数用（P3-19），且不把源码文字漏到页面上 1`] = `"总览网关实时状态与关键指标（每 5 秒采样）在线 Agents1可路由；已注册 3（含心跳过期）在途请求2当前并发转发中累计请求5平均耗时 2 ms累计转发1.0 KiB回传给客户端的字节在途请求趋势最近 60 个采样点（5s 间隔）1 点采样中…在线 Agent 数趋势最近 60 个采样点1 点采样中…状态码分布（累计）按 HTTP 状态码的请求计数2005"`;
